[debug] > Exec(early(addDefaultCommands), None, None)
[debug] > Exec(addDefaultCommands, None, None)
[debug] > Exec(early(initialize), None, None)
[debug] > Exec(initialize, None, None)
[debug] > Exec(boot, None, None)
[debug] > Exec(writeSbtVersion, None, None)
[debug] > Exec(reload, None, None)
[debug] > Exec(sbtStashOnFailure, None, None)
[debug] > Exec(onFailure loadFailed, None, None)
[debug] > Exec(loadp, None, None)
[info] welcome to sbt 1.9.7 (Microsoft Java 17.0.20.1)
[debug] Load.defaultLoad until apply took 133.9302ms
[debug]           Load.loadUnit: plugins took 80.0663ms
[debug]           Load.loadUnit: defsScala took 0.3503ms
[debug] [Loading] Scanning directory C:\Users\HERNAN\IdeaProjects\scala-intellij\project
[debug] [Loading] Found non-root projects 
[debug] [Loading] Done in C:\Users\HERNAN\IdeaProjects\scala-intellij\project, returning: ()
[debug] deducing auto plugins based on known facts Set(Atom(sbt.plugins.CorePlugin)) and clauses Clauses(Clause(Atom(sbt.plugins.JvmPlugin),Set(Atom(sbt.plugins.IvyPlugin)))
[debug] Clause(Atom(sbt.ScriptedPlugin),Set(Atom(sbt.plugins.JvmPlugin)))
[debug] Clause(Atom(sbt.plugins.SbtPlugin),Set(Atom(sbt.ScriptedPlugin)))
[debug] Clause(Atom(sbt.plugins.SemanticdbPlugin),Set(Atom(sbt.plugins.JvmPlugin)))
[debug] Clause(Atom(sbt.plugins.JUnitXmlReportPlugin),Set(Atom(sbt.plugins.JvmPlugin)))
[debug] Clause(Atom(sbt.plugins.MiniDependencyTreePlugin),Set(Atom(sbt.plugins.JvmPlugin)))
[debug] Clause(Atom(sbt.plugins.CorePlugin),Set(Atom(sbt.plugins.IvyPlugin)))
[debug] Clause(Atom(sbt.plugins.IvyPlugin),Set(Atom(sbt.plugins.JvmPlugin)))
[debug] Clause(Atom(sbt.plugins.JvmPlugin),Set(Atom(sbt.plugins.SemanticdbPlugin)))
[debug] Clause(Atom(sbt.plugins.JvmPlugin),Set(Atom(sbt.plugins.JUnitXmlReportPlugin)))
[debug] Clause(Atom(sbt.plugins.CorePlugin),Set(Atom(sbt.plugins.Giter8TemplatePlugin)))
[debug] Clause(Atom(sbt.plugins.JvmPlugin),Set(Atom(sbt.plugins.MiniDependencyTreePlugin))))
[debug]   :: deduced result: Matched(sbt.plugins.CorePlugin,sbt.plugins.Giter8TemplatePlugin,sbt.plugins.IvyPlugin,sbt.plugins.JvmPlugin,sbt.plugins.MiniDependencyTreePlugin,sbt.plugins.JUnitXmlReportPlugin,sbt.plugins.SemanticdbPlugin)
[debug] Plugins.deducer#function took 20.0508 ms
[debug]               Load.resolveProject(scala-intellij-build) took 55.2188ms
[debug]             Load.loadTransitive: finalizeProject(Project(id scala-intellij-build, base: C:\Users\HERNAN\IdeaProjects\scala-intellij\project, plugins: List(<none>))) took 98.6484ms
[debug] [Loading] Done in C:\Users\HERNAN\IdeaProjects\scala-intellij\project, returning: (scala-intellij-build)
[debug]           Load.loadUnit: loadedProjectsRaw took 126.0646ms
[debug]           Load.loadUnit: cleanEvalClasses took 0.1787ms
[debug]         Load.loadUnit(file:/C:/Users/HERNAN/IdeaProjects/scala-intellij/project/, ...) took 212.0126ms
[debug]       Load.apply: load took 536.5144ms
[debug]       Load.apply: resolveProjects took 12.3098ms
[debug]       Load.apply: finalTransforms took 58.793ms
[debug]       Load.apply: config.delegates took 5.7633ms
[debug]       Load.apply: Def.make(settings)... took 335.8166ms
[debug]       Load.apply: structureIndex took 106.6892ms
[debug]       Load.apply: mkStreams took 1.1022ms
[info] loading project definition from C:\Users\HERNAN\IdeaProjects\scala-intellij\project
[debug] Running task... Cancel: Signal, check cycles: false, forcegc: true
[debug]     Load.loadUnit: plugins took 2645.8108ms
[debug]     Load.loadUnit: defsScala took 0.0021ms
[debug] [Loading] Scanning directory C:\Users\HERNAN\IdeaProjects\scala-intellij
[debug]       Load.loadUnit: mkEval took 4.2555ms
[debug] [Loading] Found root project root w/ remaining 
[debug] deducing auto plugins based on known facts Set(Atom(sbt.plugins.CorePlugin)) and clauses Clauses(Clause(Atom(sbt.plugins.JvmPlugin),Set(Atom(sbt.plugins.IvyPlugin)))
[debug] Clause(Atom(sbt.ScriptedPlugin),Set(Atom(sbt.plugins.JvmPlugin)))
[debug] Clause(Atom(sbt.plugins.SbtPlugin),Set(Atom(sbt.ScriptedPlugin)))
[debug] Clause(Atom(sbt.plugins.SemanticdbPlugin),Set(Atom(sbt.plugins.JvmPlugin)))
[debug] Clause(Atom(sbt.plugins.JUnitXmlReportPlugin),Set(Atom(sbt.plugins.JvmPlugin)))
[debug] Clause(Atom(sbt.plugins.MiniDependencyTreePlugin),Set(Atom(sbt.plugins.JvmPlugin)))
[debug] Clause(Atom(sbt.plugins.CorePlugin),Set(Atom(sbt.plugins.IvyPlugin)))
[debug] Clause(Atom(sbt.plugins.IvyPlugin),Set(Atom(sbt.plugins.JvmPlugin)))
[debug] Clause(Atom(sbt.plugins.JvmPlugin),Set(Atom(sbt.plugins.SemanticdbPlugin)))
[debug] Clause(Atom(sbt.plugins.JvmPlugin),Set(Atom(sbt.plugins.JUnitXmlReportPlugin)))
[debug] Clause(Atom(sbt.plugins.CorePlugin),Set(Atom(sbt.plugins.Giter8TemplatePlugin)))
[debug] Clause(Atom(sbt.plugins.JvmPlugin),Set(Atom(sbt.plugins.MiniDependencyTreePlugin))))
[debug]   :: deduced result: Matched(sbt.plugins.CorePlugin,sbt.plugins.Giter8TemplatePlugin,sbt.plugins.IvyPlugin,sbt.plugins.JvmPlugin,sbt.plugins.MiniDependencyTreePlugin,sbt.plugins.JUnitXmlReportPlugin,sbt.plugins.SemanticdbPlugin)
[debug] Plugins.deducer#function took 1.2959 ms
[info] loading settings for project root from build.sbt ...
[debug]         Load.resolveProject(root) took 2.5572ms
[debug]       Load.loadTransitive: finalizeProject(Project(id root, base: C:\Users\HERNAN\IdeaProjects\scala-intellij, plugins: List(<none>))) took 4.8915ms
[debug] [Loading] Done in C:\Users\HERNAN\IdeaProjects\scala-intellij, returning: (root)
[debug]     Load.loadUnit: loadedProjectsRaw took 2293.2126ms
[debug]     Load.loadUnit: cleanEvalClasses took 10.9785ms
[debug]   Load.loadUnit(file:/C:/Users/HERNAN/IdeaProjects/scala-intellij/, ...) took 4951.6004ms
[debug] Load.apply: load took 4973.4208ms
[debug] Load.apply: resolveProjects took 0.0826ms
[debug] Load.apply: finalTransforms took 12.8477ms
[debug] Load.apply: config.delegates took 0.5668ms
[debug] Load.apply: Def.make(settings)... took 54.8167ms
[debug] Load.apply: structureIndex took 23.1642ms
[debug] Load.apply: mkStreams took 0.0025ms
[info] set current project to scala-intellij (in build file:/C:/Users/HERNAN/IdeaProjects/scala-intellij/)
[debug] > Exec(sbtPopOnFailure, None, None)
[debug] > Exec(resumeFromFailure, None, None)
[debug] > Exec(notifyUsersAboutShell, None, None)
[debug] > Exec(iflast shell, None, None)
[debug] > Exec(shell, None, None)
[info] sbt server started at local:sbt-server-12c1c3b51103127a2cfa
[debug] Writing bsp connection file
[info] started sbt server
