2026.09.17 18:58:48 INFO  Started: Metals version 1.6.9 in folders 'C:\Users\HERNAN\Desktop\practica-scala\Parte 3\parte3-1-vs\torneo-twenty-one' for client Visual Studio Code 1.138.0.
2026.09.17 18:58:48 INFO  Memory monitor started
2026.09.17 18:58:48 WARN  Using H2 2.5.250 which is newer than the version Flyway has been verified with. The latest verified version of H2 is 2.3.232.
2026.09.17 18:58:49 INFO  no build target found for C:\Users\HERNAN\Desktop\practica-scala\Parte 3\parte3-1-vs\torneo-twenty-one\build.sbt. Using presentation compiler with project's scala-library version: 3.3.8
2026.09.17 18:58:51 WARN  Could not find semantic tokens for: file:///C:/Users/HERNAN/Desktop/practica-scala/Parte%203/parte3-1-vs/torneo-twenty-one/build.sbt
2026.09.17 18:59:03 INFO  no build target found for C:\Users\HERNAN\Desktop\practica-scala\Parte 3\parte3-1-vs\torneo-twenty-one\src\main\scala\Main.scala. Using presentation compiler with project's scala-library version: 3.3.8
2026.09.17 18:59:03 WARN  Could not find semantic tokens for: file:///C:/Users/HERNAN/Desktop/practica-scala/Parte%203/parte3-1-vs/torneo-twenty-one/src/main/scala/Main.scala
2026.09.17 18:59:09 WARN  no build target for: C:\Users\HERNAN\Desktop\practica-scala\Parte 3\parte3-1-vs\torneo-twenty-one\build.sbt
2026.09.17 18:59:09 INFO  no build target found for C:\Users\HERNAN\Desktop\practica-scala\Parte 3\parte3-1-vs\torneo-twenty-one\build.sbt. Using presentation compiler with project's scala-library version: 3.3.8
2026.09.17 18:59:09 WARN  Could not find semantic tokens for: file:///C:/Users/HERNAN/Desktop/practica-scala/Parte%203/parte3-1-vs/torneo-twenty-one/build.sbt
2026.09.17 18:59:10 INFO  no build target found for C:\Users\HERNAN\Desktop\practica-scala\Parte 3\parte3-1-vs\torneo-twenty-one\build.sbt. Using presentation compiler with project's scala-library version: 3.3.8
2026.09.17 18:59:10 INFO  no build target found for C:\Users\HERNAN\Desktop\practica-scala\Parte 3\parte3-1-vs\torneo-twenty-one\build.sbt. Using presentation compiler with project's scala-library version: 3.3.8
2026.09.17 18:59:11 INFO  no build target found for C:\Users\HERNAN\Desktop\practica-scala\Parte 3\parte3-1-vs\torneo-twenty-one\build.sbt. Using presentation compiler with project's scala-library version: 3.3.8
2026.09.17 18:59:11 WARN  Could not find semantic tokens for: file:///C:/Users/HERNAN/Desktop/practica-scala/Parte%203/parte3-1-vs/torneo-twenty-one/build.sbt
2026.09.17 18:59:11 WARN  no build target for: C:\Users\HERNAN\Desktop\practica-scala\Parte 3\parte3-1-vs\torneo-twenty-one\build.sbt
2026.09.17 18:59:11 INFO  no build target found for C:\Users\HERNAN\Desktop\practica-scala\Parte 3\parte3-1-vs\torneo-twenty-one\build.sbt. Using presentation compiler with project's scala-library version: 3.3.8
2026.09.17 18:59:11 INFO  no build target found for C:\Users\HERNAN\Desktop\practica-scala\Parte 3\parte3-1-vs\torneo-twenty-one\build.sbt. Using presentation compiler with project's scala-library version: 3.3.8
2026.09.17 18:59:11 WARN  Could not find semantic tokens for: file:///C:/Users/HERNAN/Desktop/practica-scala/Parte%203/parte3-1-vs/torneo-twenty-one/build.sbt
2026.09.17 18:59:11 INFO  no build target found for C:\Users\HERNAN\Desktop\practica-scala\Parte 3\parte3-1-vs\torneo-twenty-one\build.sbt. Using presentation compiler with project's scala-library version: 3.3.8
2026.09.17 18:59:11 WARN  Could not find semantic tokens for: file:///C:/Users/HERNAN/Desktop/practica-scala/Parte%203/parte3-1-vs/torneo-twenty-one/build.sbt
2026.09.17 18:59:14 WARN  no build target for: C:\Users\HERNAN\Desktop\practica-scala\Parte 3\parte3-1-vs\torneo-twenty-one\src\main\scala\Main.scala
2026.09.17 18:59:14 INFO  no build target found for C:\Users\HERNAN\Desktop\practica-scala\Parte 3\parte3-1-vs\torneo-twenty-one\src\main\scala\Main.scala. Using presentation compiler with project's scala-library version: 3.3.8
2026.09.17 18:59:14 WARN  Could not find semantic tokens for: file:///C:/Users/HERNAN/Desktop/practica-scala/Parte%203/parte3-1-vs/torneo-twenty-one/src/main/scala/Main.scala
2026.09.17 18:59:15 INFO  no build target found for C:\Users\HERNAN\Desktop\practica-scala\Parte 3\parte3-1-vs\torneo-twenty-one\src\main\scala\Main.scala. Using presentation compiler with project's scala-library version: 3.3.8
2026.09.17 18:59:15 INFO  no build target found for C:\Users\HERNAN\Desktop\practica-scala\Parte 3\parte3-1-vs\torneo-twenty-one\src\main\scala\Main.scala. Using presentation compiler with project's scala-library version: 3.3.8
2026.09.17 18:59:16 INFO  no build target found for C:\Users\HERNAN\Desktop\practica-scala\Parte 3\parte3-1-vs\torneo-twenty-one\src\main\scala\Main.scala. Using presentation compiler with project's scala-library version: 3.3.8
2026.09.17 18:59:15 INFO  no build target found for C:\Users\HERNAN\Desktop\practica-scala\Parte 3\parte3-1-vs\torneo-twenty-one\src\main\scala\Main.scala. Using presentation compiler with project's scala-library version: 3.3.8
2026.09.17 18:59:17 INFO  no build target found for C:\Users\HERNAN\Desktop\practica-scala\Parte 3\parte3-1-vs\torneo-twenty-one\src\main\scala\Main.scala. Using presentation compiler with project's scala-library version: 3.3.8
2026.09.17 18:59:17 INFO  no build target found for C:\Users\HERNAN\Desktop\practica-scala\Parte 3\parte3-1-vs\torneo-twenty-one\src\main\scala\Main.scala. Using presentation compiler with project's scala-library version: 3.3.8
2026.09.17 18:59:17 WARN  no build target for: C:\Users\HERNAN\Desktop\practica-scala\Parte 3\parte3-1-vs\torneo-twenty-one\src\main\scala\Main.scala
2026.09.17 18:59:17 INFO  no build target found for C:\Users\HERNAN\Desktop\practica-scala\Parte 3\parte3-1-vs\torneo-twenty-one\src\main\scala\Main.scala. Using presentation compiler with project's scala-library version: 3.3.8
2026.09.17 18:59:17 INFO  no build target found for C:\Users\HERNAN\Desktop\practica-scala\Parte 3\parte3-1-vs\torneo-twenty-one\src\main\scala\Main.scala. Using presentation compiler with project's scala-library version: 3.3.8
sept 17, 2026 6:59:41 P. M. org.eclipse.lsp4j.jsonrpc.services.GenericEndpoint notify
INFORMACIÓN: Unsupported notification method: $/setTrace
2026.09.17 18:59:41 INFO  no build target found for C:\Users\HERNAN\Desktop\practica-scala\Parte 3\parte3-1-vs\torneo-twenty-one\src\main\scala\Main.scala. Using presentation compiler with project's scala-library version: 3.3.8
2026.09.17 18:59:45 INFO  no build target found for C:\Users\HERNAN\Desktop\practica-scala\Parte 3\parte3-1-vs\torneo-twenty-one\src\main\scala\Main.scala. Using presentation compiler with project's scala-library version: 3.3.8
2026.09.17 19:01:05 INFO  no build target found for C:\Users\HERNAN\Desktop\practica-scala\Parte 3\parte3-1-vs\torneo-twenty-one\src\main\scala\Main.scala. Using presentation compiler with project's scala-library version: 3.3.8
2026.09.17 19:06:18 INFO  Shutting down server
2026.09.17 19:06:18 INFO  Memory monitor stopped
2026.09.17 19:06:18 INFO  shutting down Metals
2026.09.17 19:06:18 INFO  Exiting server
